<testsuites id="" name="" tests="3" failures="0" skipped="0" errors="0" time="14.284747">
<testsuite name="Reporters.spec.js" timestamp="2025-09-23T07:22:50.280Z" hostname="chromium" tests="3" failures="0" skipped="0" time="11.864" errors="0">
<testcase name="Test1" classname="Reporters.spec.js" time="5.104">
</testcase>
<testcase name="Test2" classname="Reporters.spec.js" time="4.67">
</testcase>
<testcase name="Test3" classname="Reporters.spec.js" time="2.09">
</testcase>
</testsuite>
</testsuites>